
> staqq@0.1.0 build
> next build

npm : ΓÜá Warning: Next.js inferred your workspace root, 
but it may not be correct.
At line:1 char:1
+ npm run build > build_output.txt 2>&1
+ ~~~~~~~~~~~~~~~~~~~~~~~~~~~~~~~~~~~~~
    + CategoryInfo          : NotSpecified: (ΓÜá Warning: N 
   e...not be correct.:String) [], RemoteException
    + FullyQualifiedErrorId : NativeCommandError
 
 We detected multiple lockfiles and selected the directory 
of C:\Users\siva_\package-lock.json as the root directory.
 To silence this warning, set `turbopack.root` in your 
Next.js config, or consider removing one of the lockfiles 
if it's not needed.
   See https://nextjs.org/docs/app/api-reference/config/next
-config-js/turbopack#root-directory for more information.
 Detected additional lockfiles: 
   * C:\Users\siva_\Desktop\PROJECTS\STAQQ\Staqq\package-loc
k.json

Γû▓ Next.js 16.1.4 (Turbopack)
- Environments: .env.local

  Creating an optimized production build ...

> Build error occurred
Error: Turbopack build failed with 1 errors:
./Desktop/PROJECTS/STAQQ/Staqq/src/app/auth/callback/route.t
s:2:1
Module not found: Can't resolve 
'@supabase/auth-helpers-nextjs'
[0m [90m 1 |[39m
[31m[1m>[22m[39m[90m 2 |[39m [36mimport[39m { 
createRouteHandlerClient } [36mfrom[39m 
[32m'@supabase/auth-helpers-nextjs'[39m[33m;[39m
 [90m   |[39m [31m[1m^[22m[39m[31m[1m^[22m[39m[31
m[1m^[22m[39m[31m[1m^[22m[39m[31m[1m^[22m[39m[31
m[1m^[22m[39m[31m[1m^[22m[39m[31m[1m^[22m[39m[31
m[1m^[22m[39m[31m[1m^[22m[39m[31m[1m^[22m[39m[31
m[1m^[22m[39m[31m[1m^[22m[39m[31m[1m^[22m[39m[31
m[1m^[22m[39m[31m[1m^[22m[39m[31m[1m^[22m[39m[31
m[1m^[22m[39m[31m[1m^[22m[39m[31m[1m^[22m[39m[31
m[1m^[22m[39m[31m[1m^[22m[39m[31m[1m^[22m[39m[31
m[1m^[22m[39m[31m[1m^[22m[39m[31m[1m^[22m[39m[31
m[1m^[22m[39m[31m[1m^[22m[39m[31m[1m^[22m[39m[31
m[1m^[22m[39m[31m[1m^[22m[39m[31m[1m^[22m[39m[31
m[1m^[22m[39m[31m[1m^[22m[39m[31m[1m^[22m[39m[31
m[1m^[22m[39m[31m[1m^[22m[39m[31m[1m^[22m[39m[31
m[1m^[22m[39m[31m[1m^[22m[39m[31m[1m^[22m[39m[31
m[1m^[22m[39m[31m[1m^[22m[39m[31m[1m^[22m[39m[31
m[1m^[22m[39m[31m[1m^[22m[39m[31m[1m^[22m[39m[31
m[1m^[22m[39m[31m[1m^[22m[39m[31m[1m^[22m[39m[31
m[1m^[22m[39m[31m[1m^[22m[39m[31m[1m^[22m[39m[31
m[1m^[22m[39m[31m[1m^[22m[39m[31m[1m^[22m[39m[31
m[1m^[22m[39m[31m[1m^[22m[39m[31m[1m^[22m[39m[31
m[1m^[22m[39m[31m[1m^[22m[39m[31m[1m^[22m[39m[31
m[1m^[22m[39m[31m[1m^[22m[39m[31m[1m^[22m[39m[31
m[1m^[22m[39m[31m[1m^[22m[39m[31m[1m^[22m[39m[31
m[1m^[22m[39m[31m[1m^[22m[39m[31m[1m^[22m[39m[31
m[1m^[22m[39m[31m[1m^[22m[39m
 [90m 3 |[39m [36mimport[39m { cookies } [36mfrom[39m 
[32m'next/headers'[39m[33m;[39m
 [90m 4 |[39m [36mimport[39m { [33mNextResponse[39m } 
[36mfrom[39m [32m'next/server'[39m[33m;[39m
 [90m 5 |[39m[0m



Import trace:
  App Route:
    ./Desktop/PROJECTS/STAQQ/Staqq/src/app/auth/callback/rou
te.ts
    ./Desktop/PROJECTS/STAQQ/Staqq/src/lib/angelone.ts
    ./Desktop/PROJECTS/STAQQ/Staqq/src/app/api/stocks/histor
y/route.ts

https://nextjs.org/docs/messages/module-not-found


    at <unknown> (./Desktop/PROJECTS/STAQQ/Staqq/src/app/aut
h/callback/route.ts:2:1)
    at <unknown> 
(https://nextjs.org/docs/messages/module-not-found)
